
Running 47 tests using 2 workers

(node:1500942) Warning: The 'NO_COLOR' env is ignored due to the 'FORCE_COLOR' env being set.
(Use `node --trace-warnings ...` to show where the warning was created)
(node:1500943) Warning: The 'NO_COLOR' env is ignored due to the 'FORCE_COLOR' env being set.
(Use `node --trace-warnings ...` to show where the warning was created)
  ✓   1 src/lib/templates/email-client/email-client.e2e.ts:3:1 › mail search, selection, archive, compose, and calendar work locally (2.8s)
  ✓   2 src/routes/docs/components/docs-navigation.e2e.ts:4:2 › component documentation navigation › keeps page content in sync across rapid docs navigation (2.9s)
  ✓   4 src/routes/docs/components/docs-navigation.e2e.ts:37:2 › component documentation navigation › uses Bedrock timing tokens and avoids a duplicate TypeScript label (645ms)
  ✓   3 src/lib/templates/email-client/email-client.e2e.ts:31:1 › mobile reading returns focus to the list and keeps layout within viewport (1.2s)
  ✓   6 src/lib/templates/email-client/email-client.e2e.ts:50:1 › mobile standard motion focuses the opened message (687ms)
  ✓   5 src/routes/docs/components/docs-navigation.e2e.ts:55:2 › component documentation navigation › keeps component reference tabs addressable across navigation and reload (1.7s)
  ✓   7 src/routes/docs/components/progressive-blur.e2e.ts:5:3 › progressive scroll edges: light, 390px (968ms)
  ✓   8 src/routes/docs/components/docs-navigation.e2e.ts:90:2 › component documentation navigation › exposes component-specific known accessibility gaps (1.4s)
  ✓   9 src/routes/docs/components/progressive-blur.e2e.ts:5:3 › progressive scroll edges: light, 1280px (1.1s)
  ✓  11 src/routes/docs/components/progressive-blur.e2e.ts:5:3 › progressive scroll edges: dark, 390px (778ms)
  ✓  12 src/routes/docs/components/progressive-blur.e2e.ts:5:3 › progressive scroll edges: dark, 1280px (988ms)
  ✓  10 src/routes/docs/shell.e2e.ts:3:1 › documentation navigation searches every artifact and preserves its reload boundary (2.0s)
  ✓  13 src/routes/docs/components/progressive-blur.e2e.ts:48:1 › standalone blur immediately clears for keyboard focus within its surface (802ms)
  ✓  15 src/routes/site-expansion.e2e.ts:15:1 › top-level documentation shares navigation and reachable content (2.3s)
  ✓  14 src/routes/docs/shell.e2e.ts:34:1 › blocks provide working collection filters and failed submission retry (4.1s)
  ✓  16 src/routes/site-expansion.e2e.ts:33:3 › music-player at 390px in both themes (1.3s)
  ✓  17 src/routes/docs/shell.e2e.ts:58:1 › mobile docs navigation opens accessibly without horizontal page overflow (974ms)
  ✓  18 src/routes/site-expansion.e2e.ts:33:3 › music-player at 768px in both themes (1.6s)
  ✓  20 src/routes/site-expansion.e2e.ts:33:3 › music-player at 1440px in both themes (2.3s)
  ✓  19 src/routes/stepped-form.e2e.ts:5:2 › stepped onboarding: light, mobile, reduced motion (3.0s)
  ✓  21 src/routes/site-expansion.e2e.ts:33:3 › video-library at 390px in both themes (1.7s)
  ✓  23 src/routes/site-expansion.e2e.ts:33:3 › video-library at 768px in both themes (1.8s)
  ✓  22 src/routes/stepped-form.e2e.ts:5:2 › stepped onboarding: dark, mobile, reduced motion (3.6s)
  ✓  25 src/routes/templates/music-player/music-player.e2e.ts:3:1 › music search, playback, saved songs, and keyboard range controls (1.1s)
  ✓  26 src/routes/templates/music-player/music-player.e2e.ts:27:1 › compact music player supports queue and mobile track playback (1.7s)
  ✓  24 src/routes/site-expansion.e2e.ts:33:3 › video-library at 1440px in both themes (3.0s)
  ✓  28 src/routes/templates/social-network/social-network.e2e.ts:4:2 › Social Network template › publishes a note and supports feed reactions and threads (1.2s)
  ✓  27 src/routes/site-expansion.e2e.ts:33:3 › email-client at 390px in both themes (1.6s)
  ✓  29 src/routes/templates/social-network/social-network.e2e.ts:29:2 › Social Network template › adapts its primary controls to a mobile viewport (683ms)
  ✓  30 src/routes/site-expansion.e2e.ts:33:3 › email-client at 768px in both themes (1.5s)
  ✓  31 src/routes/templates/social-network/social-network.e2e.ts:41:1 › searches, saves, replies, opens profiles, and marks notifications read (2.4s)
  ✓  32 src/routes/site-expansion.e2e.ts:33:3 › email-client at 1440px in both themes (1.7s)
  ✓  33 src/routes/templates/video-library/video-library.e2e.ts:12:2 › Video Library template › searches, saves, and plays a fictional title (1.5s)
  ✓  34 src/routes/site-expansion.e2e.ts:33:3 › social-network at 390px in both themes (1.4s)
  ✓  35 src/routes/templates/video-library/video-library.e2e.ts:34:2 › Video Library template › watchlist state is reflected in My list (777ms)
  ✓  37 src/routes/templates/video-library/video-library.e2e.ts:41:2 › Video Library template › mobile navigation remains operable (713ms)
  ✓  36 src/routes/site-expansion.e2e.ts:33:3 › social-network at 768px in both themes (1.3s)
  ✓  38 src/routes/templates/video-library/video-library.e2e.ts:53:1 › keyboard shortcuts, dialog focus return, and empty search (1.2s)
  ✓  40 src/routes/templates/video-library/video-library.e2e.ts:74:3 › 390px light layout and reduced motion (638ms)
  ✓  39 src/routes/site-expansion.e2e.ts:33:3 › social-network at 1440px in both themes (1.8s)
  ✓  41 src/routes/templates/video-library/video-library.e2e.ts:74:3 › 390px dark layout and reduced motion (606ms)
  ✓  42 src/routes/site-expansion.e2e.ts:70:2 › homepage constellation supports keyboard actions at 390px (1.1s)
  ✓  43 src/routes/templates/video-library/video-library.e2e.ts:74:3 › 768px light layout and reduced motion (640ms)
  ✓  45 src/routes/templates/video-library/video-library.e2e.ts:74:3 › 768px dark layout and reduced motion (827ms)
  ✓  44 src/routes/site-expansion.e2e.ts:70:2 › homepage constellation supports keyboard actions at 1440px (1.4s)
  ✓  46 src/routes/templates/video-library/video-library.e2e.ts:74:3 › 1440px light layout and reduced motion (659ms)
  ✓  47 src/routes/templates/video-library/video-library.e2e.ts:74:3 › 1440px dark layout and reduced motion (518ms)

  47 passed (37.8s)
