
Running 169 tests using 2 workers

(node:1575248) Warning: The 'NO_COLOR' env is ignored due to the 'FORCE_COLOR' env being set.
(Use `node --trace-warnings ...` to show where the warning was created)
(node:1575247) Warning: The 'NO_COLOR' env is ignored due to the 'FORCE_COLOR' env being set.
(Use `node --trace-warnings ...` to show where the warning was created)
  ✓    1 src/routes/docs/components/docs-catalogue.e2e.ts:5:2 › accordion: common variants and contextual example load (921ms)
  ✓    3 src/routes/docs/components/docs-catalogue.e2e.ts:5:2 › alert: common variants and contextual example load (853ms)
  ✓    2 src/lib/templates/email-client/email-client.e2e.ts:3:1 › mail search, selection, archive, compose, and calendar work locally (2.3s)
  ✓    4 src/routes/docs/components/docs-catalogue.e2e.ts:5:2 › alert-dialog: common variants and contextual example load (578ms)
  ✓    6 src/routes/docs/components/docs-catalogue.e2e.ts:5:2 › aspect-ratio: common variants and contextual example load (527ms)
  ✓    5 src/lib/templates/email-client/email-client.e2e.ts:34:1 › mobile reading returns focus to the list and keeps layout within viewport (920ms)
  ✓    7 src/routes/docs/components/docs-catalogue.e2e.ts:5:2 › async-button: common variants and contextual example load (703ms)
  ✓    9 src/routes/docs/components/docs-catalogue.e2e.ts:5:2 › avatar: common variants and contextual example load (508ms)
  ✓   10 src/routes/docs/components/docs-catalogue.e2e.ts:5:2 › badge: common variants and contextual example load (428ms)
  ✓   11 src/routes/docs/components/docs-catalogue.e2e.ts:5:2 › banner: common variants and contextual example load (420ms)
  ✓   12 src/routes/docs/components/docs-catalogue.e2e.ts:5:2 › blockquote: common variants and contextual example load (433ms)
  ✓   13 src/routes/docs/components/docs-catalogue.e2e.ts:5:2 › breadcrumb: common variants and contextual example load (470ms)
  ✓   14 src/routes/docs/components/docs-catalogue.e2e.ts:5:2 › button: common variants and contextual example load (411ms)
  ✓   15 src/routes/docs/components/docs-catalogue.e2e.ts:5:2 › button-group: common variants and contextual example load (467ms)
  ✓   16 src/routes/docs/components/docs-catalogue.e2e.ts:5:2 › calendar: common variants and contextual example load (522ms)
  ✓   17 src/routes/docs/components/docs-catalogue.e2e.ts:5:2 › card: common variants and contextual example load (412ms)
  ✓   18 src/routes/docs/components/docs-catalogue.e2e.ts:5:2 › carousel: common variants and contextual example load (411ms)
  ✓   19 src/routes/docs/components/docs-catalogue.e2e.ts:5:2 › chart: common variants and contextual example load (578ms)
  ✘    8 src/lib/templates/email-client/email-client.e2e.ts:53:1 › mobile standard motion focuses the opened message (5.6s)
  ✓   20 src/routes/docs/components/docs-catalogue.e2e.ts:5:2 › chat: common variants and contextual example load (494ms)
(node:1575815) Warning: The 'NO_COLOR' env is ignored due to the 'FORCE_COLOR' env being set.
(Use `node --trace-warnings ...` to show where the warning was created)
  ✓   21 src/routes/docs/components/docs-catalogue.e2e.ts:5:2 › checkbox: common variants and contextual example load (575ms)
  ✓   23 src/routes/docs/components/docs-catalogue.e2e.ts:5:2 › indicator: common variants and contextual example load (489ms)
  ✓   24 src/routes/docs/components/docs-catalogue.e2e.ts:5:2 › checkbox-list: common variants and contextual example load (392ms)
  ✓   25 src/routes/docs/components/docs-catalogue.e2e.ts:5:2 › citation: common variants and contextual example load (527ms)
  ✓   26 src/routes/docs/components/docs-catalogue.e2e.ts:5:2 › clickable-card: common variants and contextual example load (978ms)
  ✓   27 src/routes/docs/components/docs-catalogue.e2e.ts:5:2 › code-block: common variants and contextual example load (821ms)
  ✓   22 src/lib/templates/email-client/email-client.e2e.ts:61:1 › calendar creates, validates, edits and deletes events with month navigation (4.1s)
  ✓   28 src/routes/docs/components/docs-catalogue.e2e.ts:5:2 › collapsible: common variants and contextual example load (653ms)
  ✓   30 src/routes/docs/components/docs-catalogue.e2e.ts:5:2 › color-picker: common variants and contextual example load (505ms)
  ✓   31 src/routes/docs/components/docs-catalogue.e2e.ts:5:2 › combobox: common variants and contextual example load (477ms)
  ✓   32 src/routes/docs/components/docs-catalogue.e2e.ts:5:2 › command: common variants and contextual example load (538ms)
  ✓   29 src/lib/templates/email-client/email-client.e2e.ts:102:1 › mobile tasks lifecycle and screen history preserve local work (1.9s)
  ✓   33 src/routes/docs/components/docs-catalogue.e2e.ts:5:2 › context-menu: common variants and contextual example load (608ms)
  ✓   35 src/routes/docs/components/docs-catalogue.e2e.ts:5:2 › data-table: common variants and contextual example load (542ms)
  ✓   36 src/routes/docs/components/docs-catalogue.e2e.ts:5:2 › date-input: common variants and contextual example load (511ms)
  ✓   37 src/routes/docs/components/docs-catalogue.e2e.ts:5:2 › date-range-input: common variants and contextual example load (489ms)
  ✓   34 src/lib/templates/email-client/email-client.e2e.ts:140:1 › mail reply thread, forward draft and archive undo remain local (2.4s)
  ✓   38 src/routes/docs/components/docs-catalogue.e2e.ts:5:2 › date-time-input: common variants and contextual example load (547ms)
  ✓   40 src/routes/docs/components/docs-catalogue.e2e.ts:5:2 › dialog: common variants and contextual example load (571ms)
  ✓   41 src/routes/docs/components/docs-catalogue.e2e.ts:5:2 › drawer: common variants and contextual example load (423ms)
  ✓   42 src/routes/docs/components/docs-catalogue.e2e.ts:5:2 › dropdown-menu: common variants and contextual example load (454ms)
  ✓   39 src/lib/templates/email-client/email-client.e2e.ts:168:1 › screen history closes a portaled event editor (2.0s)
  ✓   43 src/routes/docs/components/docs-catalogue.e2e.ts:5:2 › empty: common variants and contextual example load (518ms)
  ✓   45 src/routes/docs/components/docs-catalogue.e2e.ts:5:2 › field: common variants and contextual example load (516ms)
  ✓   46 src/routes/docs/components/docs-catalogue.e2e.ts:5:2 › field-status: common variants and contextual example load (503ms)
  ✓   47 src/routes/docs/components/docs-catalogue.e2e.ts:5:2 › file-input: common variants and contextual example load (520ms)
  ✓   44 src/routes/docs/components/docs-navigation.e2e.ts:4:2 › component documentation navigation › keeps page content in sync across rapid docs navigation (2.1s)
  ✓   48 src/routes/docs/components/docs-catalogue.e2e.ts:5:2 › form: common variants and contextual example load (541ms)
  ✓   49 src/routes/docs/components/docs-navigation.e2e.ts:37:2 › component documentation navigation › uses Bedrock timing tokens and avoids a duplicate TypeScript label (502ms)
  ✓   50 src/routes/docs/components/docs-catalogue.e2e.ts:5:2 › heading: common variants and contextual example load (543ms)
  ✓   52 src/routes/docs/components/docs-catalogue.e2e.ts:5:2 › hover-card: common variants and contextual example load (507ms)
  ✓   53 src/routes/docs/components/docs-catalogue.e2e.ts:5:2 › icon: common variants and contextual example load (517ms)
  ✓   51 src/routes/docs/components/docs-navigation.e2e.ts:55:2 › component documentation navigation › keeps component reference tabs addressable across navigation and reload (1.2s)
  ✓   54 src/routes/docs/components/docs-catalogue.e2e.ts:5:2 › icon-button: common variants and contextual example load (614ms)
  ✓   55 src/routes/docs/components/docs-navigation.e2e.ts:90:2 › component documentation navigation › exposes component-specific known accessibility gaps (1.3s)
  ✓   56 src/routes/docs/components/docs-catalogue.e2e.ts:5:2 › input: common variants and contextual example load (695ms)
  ✓   58 src/routes/docs/components/docs-rendering.e2e.ts:3:1 › imports are highlighted without JavaScript (303ms)
  ✓   57 src/routes/docs/components/docs-catalogue.e2e.ts:5:2 › input-group: common variants and contextual example load (661ms)
  ✓   59 src/routes/docs/components/docs-rendering.e2e.ts:16:1 › source loads on demand and renders colored tokens in both themes (723ms)
  ✓   60 src/routes/docs/components/docs-catalogue.e2e.ts:5:2 › input-otp: common variants and contextual example load (589ms)
  ✓   62 src/routes/docs/components/docs-catalogue.e2e.ts:5:2 › item: common variants and contextual example load (696ms)
  ✓   63 src/routes/docs/components/docs-catalogue.e2e.ts:5:2 › kbd: common variants and contextual example load (537ms)
  ✓   64 src/routes/docs/components/docs-catalogue.e2e.ts:5:2 › label: common variants and contextual example load (649ms)
  ✓   65 src/routes/docs/components/docs-catalogue.e2e.ts:5:2 › lightbox: common variants and contextual example load (706ms)
  ✓   61 src/routes/docs/components/docs-rendering.e2e.ts:39:1 › navigation stays consistent while an example chunk is delayed (2.9s)
  ✓   66 src/routes/docs/components/docs-catalogue.e2e.ts:5:2 › link: common variants and contextual example load (542ms)
  ✓   68 src/routes/docs/components/docs-catalogue.e2e.ts:5:2 › list: common variants and contextual example load (541ms)
  ✓   67 src/routes/docs/components/docs-rendering.e2e.ts:68:1 › contextual examples perform real local workflows (1.3s)
  ✓   69 src/routes/docs/components/docs-catalogue.e2e.ts:5:2 › markdown: common variants and contextual example load (728ms)
  ✓   71 src/routes/docs/components/docs-catalogue.e2e.ts:5:2 › menubar: common variants and contextual example load (511ms)
  ✓   70 src/routes/docs/components/docs-rendering.e2e.ts:82:1 › form and selectable-card examples survive interaction and tab navigation (1.4s)
  ✓   72 src/routes/docs/components/docs-catalogue.e2e.ts:5:2 › metadata-list: common variants and contextual example load (532ms)
  ✓   73 src/routes/docs/components/progressive-blur.e2e.ts:5:3 › progressive scroll edges: light, 390px (620ms)
  ✓   74 src/routes/docs/components/docs-catalogue.e2e.ts:5:2 › multi-selector: common variants and contextual example load (521ms)
  ✓   76 src/routes/docs/components/docs-catalogue.e2e.ts:5:2 › native-select: common variants and contextual example load (523ms)
  ✓   75 src/routes/docs/components/progressive-blur.e2e.ts:5:3 › progressive scroll edges: light, 1280px (935ms)
  ✓   77 src/routes/docs/components/docs-catalogue.e2e.ts:5:2 › navigation-menu: common variants and contextual example load (679ms)
  ✓   78 src/routes/docs/components/progressive-blur.e2e.ts:5:3 › progressive scroll edges: dark, 390px (777ms)
  ✓   79 src/routes/docs/components/docs-catalogue.e2e.ts:5:2 › number-input: common variants and contextual example load (627ms)
  ✓   81 src/routes/docs/components/docs-catalogue.e2e.ts:5:2 › outline: common variants and contextual example load (500ms)
  ✓   80 src/routes/docs/components/progressive-blur.e2e.ts:5:3 › progressive scroll edges: dark, 1280px (785ms)
  ✓   82 src/routes/docs/components/docs-catalogue.e2e.ts:5:2 › overflow-list: common variants and contextual example load (531ms)
  ✓   83 src/routes/docs/components/progressive-blur.e2e.ts:48:1 › standalone blur immediately clears for keyboard focus within its surface (638ms)
  ✓   84 src/routes/docs/components/docs-catalogue.e2e.ts:5:2 › pagination: common variants and contextual example load (534ms)
  ✓   86 src/routes/docs/components/docs-catalogue.e2e.ts:5:2 › pdf-viewer: common variants and contextual example load (412ms)
  ✓   87 src/routes/docs/components/docs-catalogue.e2e.ts:5:2 › popover: common variants and contextual example load (537ms)
  ✓   85 src/routes/docs/shell.e2e.ts:3:1 › documentation navigation searches every artifact and preserves its reload boundary (1.3s)
  ✓   88 src/routes/docs/components/docs-catalogue.e2e.ts:5:2 › power-search: common variants and contextual example load (526ms)
  ✓   90 src/routes/docs/components/docs-catalogue.e2e.ts:5:2 › progress: common variants and contextual example load (441ms)
  ✓   91 src/routes/docs/components/docs-catalogue.e2e.ts:5:2 › progressive-blur: common variants and contextual example load (457ms)
  ✓   92 src/routes/docs/components/docs-catalogue.e2e.ts:5:2 › radio-group: common variants and contextual example load (443ms)
  ✓   93 src/routes/docs/components/docs-catalogue.e2e.ts:5:2 › range-calendar: common variants and contextual example load (558ms)
  ✓   94 src/routes/docs/components/docs-catalogue.e2e.ts:5:2 › resizable: common variants and contextual example load (430ms)
  ✓   95 src/routes/docs/components/docs-catalogue.e2e.ts:5:2 › scroll-area: common variants and contextual example load (436ms)
  ✓   89 src/routes/docs/shell.e2e.ts:34:1 › blocks provide working collection filters and failed submission retry (3.6s)
  ✓   96 src/routes/docs/components/docs-catalogue.e2e.ts:5:2 › select: common variants and contextual example load (446ms)
  ✓   98 src/routes/docs/components/docs-catalogue.e2e.ts:5:2 › selectable-card: common variants and contextual example load (472ms)
  ✓   97 src/routes/docs/shell.e2e.ts:58:1 › mobile docs navigation opens accessibly without horizontal page overflow (862ms)
  ✓   99 src/routes/docs/components/docs-catalogue.e2e.ts:5:2 › selector: common variants and contextual example load (525ms)
  ✓  101 src/routes/docs/components/docs-catalogue.e2e.ts:5:2 › separator: common variants and contextual example load (580ms)
  ✓  102 src/routes/docs/components/docs-catalogue.e2e.ts:5:2 › sheet: common variants and contextual example load (592ms)
  ✓  100 src/routes/site-expansion.e2e.ts:15:1 › top-level documentation shares navigation and reachable content (2.0s)
  ✓  103 src/routes/docs/components/docs-catalogue.e2e.ts:5:2 › sidebar: common variants and contextual example load (786ms)
  ✓  105 src/routes/docs/components/docs-catalogue.e2e.ts:5:2 › skeleton: common variants and contextual example load (472ms)
  ✓  106 src/routes/docs/components/docs-catalogue.e2e.ts:5:2 › slider: common variants and contextual example load (479ms)
  ✓  104 src/routes/site-expansion.e2e.ts:33:3 › music-player at 390px in both themes (1.3s)
  ✓  107 src/routes/docs/components/docs-catalogue.e2e.ts:5:2 › sonner: common variants and contextual example load (586ms)
  ✓  109 src/routes/docs/components/docs-catalogue.e2e.ts:5:2 › spinner: common variants and contextual example load (502ms)
  ✓  108 src/routes/site-expansion.e2e.ts:33:3 › music-player at 768px in both themes (1.4s)
  ✓  110 src/routes/docs/components/docs-catalogue.e2e.ts:5:2 › status-dot: common variants and contextual example load (560ms)
  ✓  112 src/routes/docs/components/docs-catalogue.e2e.ts:5:2 › stepped-form: common variants and contextual example load (537ms)
  ✓  113 src/routes/docs/components/docs-catalogue.e2e.ts:5:2 › stepper: common variants and contextual example load (447ms)
  ✓  114 src/routes/docs/components/docs-catalogue.e2e.ts:5:2 › switch: common variants and contextual example load (474ms)
  ✓  111 src/routes/site-expansion.e2e.ts:33:3 › music-player at 1440px in both themes (1.8s)
  ✓  115 src/routes/docs/components/docs-catalogue.e2e.ts:5:2 › table: common variants and contextual example load (538ms)
  ✓  117 src/routes/docs/components/docs-catalogue.e2e.ts:5:2 › tabs: common variants and contextual example load (466ms)
  ✓  116 src/routes/site-expansion.e2e.ts:33:3 › video-library at 390px in both themes (1.2s)
  ✓  118 src/routes/docs/components/docs-catalogue.e2e.ts:5:2 › text: common variants and contextual example load (491ms)
  ✓  120 src/routes/docs/components/docs-catalogue.e2e.ts:5:2 › textarea: common variants and contextual example load (423ms)
  ✓  121 src/routes/docs/components/docs-catalogue.e2e.ts:5:2 › thumbnail: common variants and contextual example load (448ms)
  ✓  119 src/routes/site-expansion.e2e.ts:33:3 › video-library at 768px in both themes (1.3s)
  ✓  122 src/routes/docs/components/docs-catalogue.e2e.ts:5:2 › time-input: common variants and contextual example load (509ms)
  ✓  124 src/routes/docs/components/docs-catalogue.e2e.ts:5:2 › timestamp: common variants and contextual example load (454ms)
  ✓  125 src/routes/docs/components/docs-catalogue.e2e.ts:5:2 › toggle: common variants and contextual example load (453ms)
  ✓  126 src/routes/docs/components/docs-catalogue.e2e.ts:5:2 › toggle-group: common variants and contextual example load (528ms)
  ✓  123 src/routes/site-expansion.e2e.ts:33:3 › video-library at 1440px in both themes (1.8s)
  ✓  127 src/routes/docs/components/docs-catalogue.e2e.ts:5:2 › token: common variants and contextual example load (509ms)
  ✓  129 src/routes/docs/components/docs-catalogue.e2e.ts:5:2 › tokenizer: common variants and contextual example load (446ms)
  ✓  128 src/routes/site-expansion.e2e.ts:33:3 › email-client at 390px in both themes (1.1s)
  ✓  130 src/routes/docs/components/docs-catalogue.e2e.ts:5:2 › tooltip: common variants and contextual example load (527ms)
  ✓  132 src/routes/docs/components/docs-catalogue.e2e.ts:5:2 › video-player: common variants and contextual example load (479ms)
  ✓  131 src/routes/site-expansion.e2e.ts:33:3 › email-client at 768px in both themes (1.1s)
  ✓  133 src/routes/docs/components/docs-catalogue.e2e.ts:5:2 › visually-hidden: common variants and contextual example load (510ms)
  ✓  134 src/routes/site-expansion.e2e.ts:33:3 › email-client at 1440px in both themes (1.3s)
  ✓  135 src/routes/stepped-form.e2e.ts:5:2 › stepped onboarding: light, mobile, reduced motion (2.0s)
  ✓  136 src/routes/site-expansion.e2e.ts:33:3 › social-network at 390px in both themes (1.1s)
  ✓  138 src/routes/site-expansion.e2e.ts:33:3 › social-network at 768px in both themes (1.1s)
  ✓  137 src/routes/stepped-form.e2e.ts:5:2 › stepped onboarding: dark, mobile, reduced motion (2.2s)
  ✓  139 src/routes/site-expansion.e2e.ts:33:3 › social-network at 1440px in both themes (1.3s)
  ✓  140 src/routes/templates/music-player/music-player.e2e.ts:3:1 › music search, playback, saved songs, and keyboard range controls (788ms)
  ✓  141 src/routes/site-expansion.e2e.ts:70:2 › homepage constellation supports keyboard actions at 390px (910ms)
  ✓  142 src/routes/templates/music-player/music-player.e2e.ts:27:1 › compact music player supports queue and mobile track playback (836ms)
  ✓  143 src/routes/site-expansion.e2e.ts:70:2 › homepage constellation supports keyboard actions at 1440px (833ms)
  ✓  145 src/routes/templates/social-network/social-network.e2e.ts:4:2 › Social Network template › publishes a note and supports feed reactions and threads (605ms)
  ✓  146 src/routes/templates/social-network/social-network.e2e.ts:29:2 › Social Network template › adapts its primary controls to a mobile viewport (380ms)
  ✓  144 src/routes/templates/music-player/music-player.e2e.ts:43:1 › native audio advances, seeks, changes source, repeats, and stops on navigation (2.6s)
  ✓  147 src/routes/templates/social-network/social-network.e2e.ts:41:1 › searches, saves, replies, opens profiles, and marks notifications read (3.0s)
  ✓  148 src/routes/templates/music-player/music-player.e2e.ts:93:1 › saved albums, liked songs, and linked library views survive reload (2.4s)
  ✓  149 src/routes/templates/social-network/social-network.e2e.ts:68:1 › retains drafts, publishes described media, and supports reversible moderation (1.1s)
  ✓  150 src/routes/templates/music-player/music-player.e2e.ts:113:1 › mobile now-playing exposes full transport and queue editing (850ms)
  ✓  152 src/routes/templates/music-player/music-player.e2e.ts:129:1 › a failed media request has an actionable retry state (925ms)
  ✓  153 src/routes/templates/music-player/music-player.e2e.ts:141:1 › tablet library and track grids fit inside the main scroll region (509ms)
  ✓  151 src/routes/templates/social-network/social-network.e2e.ts:102:1 › links profiles and threads, edits own profile, and filters notifications (2.5s)
  ✓  155 src/routes/templates/social-network/social-network.e2e.ts:133:1 › mobile discovery and browser history work with reduced motion (582ms)
  ✓  156 src/routes/templates/video-library/video-library.e2e.ts:12:2 › Video Library template › searches, saves, and plays a fictional title (1.3s)
  ✓  157 src/routes/templates/video-library/video-library.e2e.ts:34:2 › Video Library template › watchlist state is reflected in My list (644ms)
  ✓  158 src/routes/templates/video-library/video-library.e2e.ts:41:2 › Video Library template › mobile navigation remains operable (522ms)
  ✓  159 src/routes/templates/video-library/video-library.e2e.ts:53:1 › keyboard shortcuts, dialog focus return, and empty search (1.0s)
  ✓  154 src/routes/templates/template-navigation.e2e.ts:4:2 › template route transitions: no-preference (5.3s)
  ✓  160 src/routes/templates/video-library/video-library.e2e.ts:78:3 › 390px light layout and reduced motion (506ms)
  ✓  162 src/routes/templates/video-library/video-library.e2e.ts:78:3 › 390px dark layout and reduced motion (543ms)
  ✓  163 src/routes/templates/video-library/video-library.e2e.ts:78:3 › 768px light layout and reduced motion (521ms)
  ✓  164 src/routes/templates/video-library/video-library.e2e.ts:78:3 › 768px dark layout and reduced motion (476ms)
  ✓  161 src/routes/templates/template-navigation.e2e.ts:4:2 › template route transitions: reduce (1.8s)
  ✓  165 src/routes/templates/video-library/video-library.e2e.ts:78:3 › 1440px light layout and reduced motion (398ms)
  ✓  166 src/routes/templates/video-library/video-library.e2e.ts:78:3 › 1440px dark layout and reduced motion (414ms)
  ✓  167 src/routes/templates/video-library/video-library.e2e.ts:102:1 › original shorts have distinct media, real seeking, and persisted resume progress (3.4s)
  ✓  168 src/routes/templates/video-library/video-library.e2e.ts:153:1 › watchlist persists and category filtering changes the catalogue (742ms)
  ✓  169 src/routes/templates/video-library/video-library.e2e.ts:170:1 › failed local media offers retry and can recover (1.2s)


  1) src/lib/templates/email-client/email-client.e2e.ts:53:1 › mobile standard motion focuses the opened message 

    Error: expect(locator).toBeFocused() failed

    Locator:  locator('#mail-reader-heading')
    Expected: focused
    Received: inactive
    Timeout:  5000ms

    Call log:
      - Expect "toBeFocused" with timeout 5000ms
      - waiting for locator('#mail-reader-heading')
        14 × locator resolved to <h2 tabindex="-1" id="mail-reader-heading" class="reader-subject svelte-17ellx0">Launch notes for tomorrow</h2>
           - unexpected value "inactive"


      56 | 	await expect(page.locator('.mail-app')).toHaveAttribute('data-ready', 'true');
      57 | 	await page.locator('.message-summary').first().click();
    > 58 | 	await expect(page.locator('#mail-reader-heading')).toBeFocused();
         | 	                                                   ^
      59 | });
      60 |
      61 | test('calendar creates, validates, edits and deletes events with month navigation', async ({
        at /home/node/repos/bedrock-ui/src/lib/templates/email-client/email-client.e2e.ts:58:53

    Error Context: test-results/src-lib-templates-email-cl-d6e10--focuses-the-opened-message/error-context.md

  1 failed
    src/lib/templates/email-client/email-client.e2e.ts:53:1 › mobile standard motion focuses the opened message 
  168 passed (1.4m)
