
Running 172 tests using 2 workers

(node:1591201) Warning: The 'NO_COLOR' env is ignored due to the 'FORCE_COLOR' env being set.
(Use `node --trace-warnings ...` to show where the warning was created)
(node:1591202) Warning: The 'NO_COLOR' env is ignored due to the 'FORCE_COLOR' env being set.
(Use `node --trace-warnings ...` to show where the warning was created)
  ✓    2 src/routes/docs/components/docs-catalogue.e2e.ts:5:2 › accordion: common variants and contextual example load (674ms)
  ✓    3 src/routes/docs/components/docs-catalogue.e2e.ts:5:2 › alert: common variants and contextual example load (492ms)
  ✓    1 src/lib/templates/email-client/email-client.e2e.ts:3:1 › mail search, selection, archive, compose, and calendar work locally (1.3s)
  ✓    4 src/routes/docs/components/docs-catalogue.e2e.ts:5:2 › alert-dialog: common variants and contextual example load (538ms)
  ✓    5 src/lib/templates/email-client/email-client.e2e.ts:38:1 › mobile reading returns focus to the list and keeps layout within viewport (791ms)
  ✓    6 src/routes/docs/components/docs-catalogue.e2e.ts:5:2 › aspect-ratio: common variants and contextual example load (507ms)
  ✓    7 src/lib/templates/email-client/email-client.e2e.ts:57:1 › mobile standard motion focuses the opened message (540ms)
  ✓    8 src/routes/docs/components/docs-catalogue.e2e.ts:5:2 › async-button: common variants and contextual example load (573ms)
  ✓   10 src/routes/docs/components/docs-catalogue.e2e.ts:5:2 › avatar: common variants and contextual example load (504ms)
  ✓   11 src/routes/docs/components/docs-catalogue.e2e.ts:5:2 › badge: common variants and contextual example load (481ms)
  ✓   12 src/routes/docs/components/docs-catalogue.e2e.ts:5:2 › banner: common variants and contextual example load (566ms)
  ✓   13 src/routes/docs/components/docs-catalogue.e2e.ts:5:2 › blockquote: common variants and contextual example load (571ms)
  ✓   14 src/routes/docs/components/docs-catalogue.e2e.ts:5:2 › breadcrumb: common variants and contextual example load (587ms)
  ✓    9 src/lib/templates/email-client/email-client.e2e.ts:65:1 › calendar creates, validates, edits and deletes events with month navigation (3.5s)
  ✓   15 src/routes/docs/components/docs-catalogue.e2e.ts:5:2 › button: common variants and contextual example load (566ms)
  ✓   17 src/routes/docs/components/docs-catalogue.e2e.ts:5:2 › button-group: common variants and contextual example load (637ms)
  ✓   18 src/routes/docs/components/docs-catalogue.e2e.ts:5:2 › calendar: common variants and contextual example load (716ms)
  ✓   19 src/routes/docs/components/docs-catalogue.e2e.ts:5:2 › card: common variants and contextual example load (516ms)
  ✓   16 src/lib/templates/email-client/email-client.e2e.ts:106:1 › mobile tasks lifecycle and screen history preserve local work (2.0s)
  ✓   20 src/routes/docs/components/docs-catalogue.e2e.ts:5:2 › carousel: common variants and contextual example load (703ms)
  ✓   21 src/lib/templates/email-client/email-client.e2e.ts:144:1 › mail reply thread, forward draft and archive undo remain local (1.3s)
  ✓   22 src/routes/docs/components/docs-catalogue.e2e.ts:5:2 › chart: common variants and contextual example load (780ms)
  ✓   24 src/routes/docs/components/docs-catalogue.e2e.ts:5:2 › chat: common variants and contextual example load (597ms)
  ✓   25 src/routes/docs/components/docs-catalogue.e2e.ts:5:2 › checkbox: common variants and contextual example load (674ms)
  ✓   23 src/lib/templates/email-client/email-client.e2e.ts:174:1 › screen history closes a portaled event editor (1.8s)
  ✓   26 src/routes/docs/components/docs-catalogue.e2e.ts:5:2 › indicator: common variants and contextual example load (849ms)
  ✓   28 src/routes/docs/components/docs-catalogue.e2e.ts:5:2 › checkbox-list: common variants and contextual example load (536ms)
  ✓   29 src/routes/docs/components/docs-catalogue.e2e.ts:5:2 › citation: common variants and contextual example load (630ms)
  ✓   30 src/routes/docs/components/docs-catalogue.e2e.ts:5:2 › clickable-card: common variants and contextual example load (591ms)
  ✓   31 src/routes/docs/components/docs-catalogue.e2e.ts:5:2 › code-block: common variants and contextual example load (533ms)
  ✓   32 src/routes/docs/components/docs-catalogue.e2e.ts:5:2 › collapsible: common variants and contextual example load (589ms)
  ✓   33 src/routes/docs/components/docs-catalogue.e2e.ts:5:2 › color-picker: common variants and contextual example load (496ms)
  ✓   27 src/lib/templates/email-client/email-client.e2e.ts:191:1 › integrated workspace creates follow-ups from mail and preserves inline composition (4.2s)
  ✓   34 src/routes/docs/components/docs-catalogue.e2e.ts:5:2 › combobox: common variants and contextual example load (542ms)
  ✓   35 src/lib/templates/email-client/email-client.e2e.ts:250:1 › mobile compose is an accessible full pane with draft-saving Back (749ms)
  ✓   36 src/routes/docs/components/docs-catalogue.e2e.ts:5:2 › command: common variants and contextual example load (560ms)
  ✓   38 src/routes/docs/components/docs-catalogue.e2e.ts:5:2 › context-menu: common variants and contextual example load (509ms)
  ✘   37 src/lib/templates/email-client/email-client.e2e.ts:271:1 › app navigation stays reachable on scrolled mobile and tablet task screens (1.0s)
  ✓   39 src/routes/docs/components/docs-catalogue.e2e.ts:5:2 › data-table: common variants and contextual example load (515ms)
(node:1592115) Warning: The 'NO_COLOR' env is ignored due to the 'FORCE_COLOR' env being set.
(Use `node --trace-warnings ...` to show where the warning was created)
  ✓   40 src/routes/docs/components/docs-catalogue.e2e.ts:5:2 › date-input: common variants and contextual example load (469ms)
  ✓   42 src/routes/docs/components/docs-catalogue.e2e.ts:5:2 › date-range-input: common variants and contextual example load (539ms)
  ✓   43 src/routes/docs/components/docs-catalogue.e2e.ts:5:2 › date-time-input: common variants and contextual example load (815ms)
  ✓   44 src/routes/docs/components/docs-catalogue.e2e.ts:5:2 › dialog: common variants and contextual example load (708ms)
  ✓   41 src/routes/docs/components/docs-navigation.e2e.ts:4:2 › component documentation navigation › keeps page content in sync across rapid docs navigation (2.5s)
  ✓   45 src/routes/docs/components/docs-catalogue.e2e.ts:5:2 › drawer: common variants and contextual example load (586ms)
  ✓   46 src/routes/docs/components/docs-navigation.e2e.ts:37:2 › component documentation navigation › uses Bedrock timing tokens and avoids a duplicate TypeScript label (506ms)
  ✓   47 src/routes/docs/components/docs-catalogue.e2e.ts:5:2 › dropdown-menu: common variants and contextual example load (580ms)
  ✓   49 src/routes/docs/components/docs-catalogue.e2e.ts:5:2 › empty: common variants and contextual example load (495ms)
  ✓   50 src/routes/docs/components/docs-catalogue.e2e.ts:5:2 › field: common variants and contextual example load (528ms)
  ✓   48 src/routes/docs/components/docs-navigation.e2e.ts:55:2 › component documentation navigation › keeps component reference tabs addressable across navigation and reload (1.3s)
  ✓   51 src/routes/docs/components/docs-catalogue.e2e.ts:5:2 › field-status: common variants and contextual example load (540ms)
  ✓   53 src/routes/docs/components/docs-catalogue.e2e.ts:5:2 › file-input: common variants and contextual example load (502ms)
  ✓   52 src/routes/docs/components/docs-navigation.e2e.ts:90:2 › component documentation navigation › exposes component-specific known accessibility gaps (1.2s)
  ✓   55 src/routes/docs/components/docs-rendering.e2e.ts:3:1 › imports are highlighted without JavaScript (219ms)
  ✓   54 src/routes/docs/components/docs-catalogue.e2e.ts:5:2 › form: common variants and contextual example load (569ms)
  ✓   57 src/routes/docs/components/docs-catalogue.e2e.ts:5:2 › heading: common variants and contextual example load (506ms)
  ✓   56 src/routes/docs/components/docs-rendering.e2e.ts:16:1 › source loads on demand and renders colored tokens in both themes (795ms)
  ✓   58 src/routes/docs/components/docs-catalogue.e2e.ts:5:2 › hover-card: common variants and contextual example load (610ms)
  ✓   60 src/routes/docs/components/docs-catalogue.e2e.ts:5:2 › icon: common variants and contextual example load (566ms)
  ✓   61 src/routes/docs/components/docs-catalogue.e2e.ts:5:2 › icon-button: common variants and contextual example load (586ms)
  ✓   62 src/routes/docs/components/docs-catalogue.e2e.ts:5:2 › input: common variants and contextual example load (531ms)
  ✓   63 src/routes/docs/components/docs-catalogue.e2e.ts:5:2 › input-group: common variants and contextual example load (592ms)
  ✓   59 src/routes/docs/components/docs-rendering.e2e.ts:39:1 › navigation stays consistent while an example chunk is delayed (2.9s)
  ✓   64 src/routes/docs/components/docs-catalogue.e2e.ts:5:2 › input-otp: common variants and contextual example load (573ms)
  ✓   66 src/routes/docs/components/docs-catalogue.e2e.ts:5:2 › item: common variants and contextual example load (478ms)
  ✓   65 src/routes/docs/components/docs-rendering.e2e.ts:68:1 › contextual examples perform real local workflows (1.2s)
  ✓   67 src/routes/docs/components/docs-catalogue.e2e.ts:5:2 › kbd: common variants and contextual example load (559ms)
  ✓   69 src/routes/docs/components/docs-catalogue.e2e.ts:5:2 › label: common variants and contextual example load (460ms)
  ✓   70 src/routes/docs/components/docs-catalogue.e2e.ts:5:2 › lightbox: common variants and contextual example load (527ms)
  ✓   68 src/routes/docs/components/docs-rendering.e2e.ts:82:1 › form and selectable-card examples survive interaction and tab navigation (1.4s)
  ✓   71 src/routes/docs/components/docs-catalogue.e2e.ts:5:2 › link: common variants and contextual example load (542ms)
  ✓   72 src/routes/docs/components/progressive-blur.e2e.ts:5:3 › progressive scroll edges: light, 390px (695ms)
  ✓   73 src/routes/docs/components/docs-catalogue.e2e.ts:5:2 › list: common variants and contextual example load (524ms)
  ✓   74 src/routes/docs/components/progressive-blur.e2e.ts:5:3 › progressive scroll edges: light, 1280px (748ms)
  ✓   75 src/routes/docs/components/docs-catalogue.e2e.ts:5:2 › markdown: common variants and contextual example load (606ms)
  ✓   77 src/routes/docs/components/docs-catalogue.e2e.ts:5:2 › menubar: common variants and contextual example load (546ms)
  ✓   76 src/routes/docs/components/progressive-blur.e2e.ts:5:3 › progressive scroll edges: dark, 390px (641ms)
  ✓   78 src/routes/docs/components/docs-catalogue.e2e.ts:5:2 › metadata-list: common variants and contextual example load (504ms)
  ✓   79 src/routes/docs/components/progressive-blur.e2e.ts:5:3 › progressive scroll edges: dark, 1280px (794ms)
  ✓   80 src/routes/docs/components/docs-catalogue.e2e.ts:5:2 › multi-selector: common variants and contextual example load (543ms)
  ✓   81 src/routes/docs/components/progressive-blur.e2e.ts:48:1 › standalone blur immediately clears for keyboard focus within its surface (673ms)
  ✓   82 src/routes/docs/components/docs-catalogue.e2e.ts:5:2 › native-select: common variants and contextual example load (566ms)
  ✓   84 src/routes/docs/components/docs-catalogue.e2e.ts:5:2 › navigation-menu: common variants and contextual example load (483ms)
  ✓   85 src/routes/docs/components/docs-catalogue.e2e.ts:5:2 › number-input: common variants and contextual example load (475ms)
  ✓   83 src/routes/docs/shell.e2e.ts:3:1 › documentation navigation searches every artifact and preserves its reload boundary (1.3s)
  ✓   86 src/routes/docs/components/docs-catalogue.e2e.ts:5:2 › outline: common variants and contextual example load (527ms)
  ✓   88 src/routes/docs/components/docs-catalogue.e2e.ts:5:2 › overflow-list: common variants and contextual example load (445ms)
  ✓   89 src/routes/docs/components/docs-catalogue.e2e.ts:5:2 › pagination: common variants and contextual example load (491ms)
  ✓   90 src/routes/docs/components/docs-catalogue.e2e.ts:5:2 › pdf-viewer: common variants and contextual example load (475ms)
  ✓   91 src/routes/docs/components/docs-catalogue.e2e.ts:5:2 › popover: common variants and contextual example load (453ms)
  ✓   92 src/routes/docs/components/docs-catalogue.e2e.ts:5:2 › power-search: common variants and contextual example load (500ms)
  ✓   93 src/routes/docs/components/docs-catalogue.e2e.ts:5:2 › progress: common variants and contextual example load (431ms)
  ✓   87 src/routes/docs/shell.e2e.ts:34:1 › blocks provide working collection filters and failed submission retry (3.6s)
  ✓   94 src/routes/docs/components/docs-catalogue.e2e.ts:5:2 › progressive-blur: common variants and contextual example load (474ms)
  ✓   96 src/routes/docs/components/docs-catalogue.e2e.ts:5:2 › radio-group: common variants and contextual example load (472ms)
  ✓   95 src/routes/docs/shell.e2e.ts:58:1 › mobile docs navigation opens accessibly without horizontal page overflow (863ms)
  ✓   97 src/routes/docs/components/docs-catalogue.e2e.ts:5:2 › range-calendar: common variants and contextual example load (654ms)
  ✓   99 src/routes/docs/components/docs-catalogue.e2e.ts:5:2 › resizable: common variants and contextual example load (516ms)
  ✓  100 src/routes/docs/components/docs-catalogue.e2e.ts:5:2 › scroll-area: common variants and contextual example load (500ms)
  ✓   98 src/routes/site-expansion.e2e.ts:15:1 › top-level documentation shares navigation and reachable content (1.8s)
  ✓  101 src/routes/docs/components/docs-catalogue.e2e.ts:5:2 › select: common variants and contextual example load (545ms)
  ✓  103 src/routes/docs/components/docs-catalogue.e2e.ts:5:2 › selectable-card: common variants and contextual example load (474ms)
  ✓  104 src/routes/docs/components/docs-catalogue.e2e.ts:5:2 › selector: common variants and contextual example load (464ms)
  ✓  102 src/routes/site-expansion.e2e.ts:33:3 › music-player at 390px in both themes (1.2s)
  ✓  105 src/routes/docs/components/docs-catalogue.e2e.ts:5:2 › separator: common variants and contextual example load (530ms)
  ✓  107 src/routes/docs/components/docs-catalogue.e2e.ts:5:2 › sheet: common variants and contextual example load (515ms)
  ✓  106 src/routes/site-expansion.e2e.ts:33:3 › music-player at 768px in both themes (1.4s)
  ✓  108 src/routes/docs/components/docs-catalogue.e2e.ts:5:2 › sidebar: common variants and contextual example load (602ms)
  ✓  110 src/routes/docs/components/docs-catalogue.e2e.ts:5:2 › skeleton: common variants and contextual example load (473ms)
  ✓  111 src/routes/docs/components/docs-catalogue.e2e.ts:5:2 › slider: common variants and contextual example load (444ms)
  ✓  112 src/routes/docs/components/docs-catalogue.e2e.ts:5:2 › sonner: common variants and contextual example load (476ms)
  ✓  109 src/routes/site-expansion.e2e.ts:33:3 › music-player at 1440px in both themes (1.8s)
  ✓  113 src/routes/docs/components/docs-catalogue.e2e.ts:5:2 › spinner: common variants and contextual example load (468ms)
  ✓  115 src/routes/docs/components/docs-catalogue.e2e.ts:5:2 › status-dot: common variants and contextual example load (423ms)
  ✓  114 src/routes/site-expansion.e2e.ts:33:3 › video-library at 390px in both themes (1.2s)
  ✓  116 src/routes/docs/components/docs-catalogue.e2e.ts:5:2 › stepped-form: common variants and contextual example load (497ms)
  ✓  118 src/routes/docs/components/docs-catalogue.e2e.ts:5:2 › stepper: common variants and contextual example load (488ms)
  ✓  119 src/routes/docs/components/docs-catalogue.e2e.ts:5:2 › switch: common variants and contextual example load (462ms)
  ✓  117 src/routes/site-expansion.e2e.ts:33:3 › video-library at 768px in both themes (1.4s)
  ✓  120 src/routes/docs/components/docs-catalogue.e2e.ts:5:2 › table: common variants and contextual example load (494ms)
  ✓  122 src/routes/docs/components/docs-catalogue.e2e.ts:5:2 › tabs: common variants and contextual example load (515ms)
  ✓  123 src/routes/docs/components/docs-catalogue.e2e.ts:5:2 › text: common variants and contextual example load (432ms)
  ✓  124 src/routes/docs/components/docs-catalogue.e2e.ts:5:2 › textarea: common variants and contextual example load (508ms)
  ✓  121 src/routes/site-expansion.e2e.ts:33:3 › video-library at 1440px in both themes (1.8s)
  ✓  125 src/routes/docs/components/docs-catalogue.e2e.ts:5:2 › thumbnail: common variants and contextual example load (553ms)
  ✓  127 src/routes/docs/components/docs-catalogue.e2e.ts:5:2 › time-input: common variants and contextual example load (474ms)
  ✓  126 src/routes/site-expansion.e2e.ts:33:3 › email-client at 390px in both themes (1.1s)
  ✓  128 src/routes/docs/components/docs-catalogue.e2e.ts:5:2 › timestamp: common variants and contextual example load (597ms)
  ✓  130 src/routes/docs/components/docs-catalogue.e2e.ts:5:2 › toggle: common variants and contextual example load (497ms)
  ✓  129 src/routes/site-expansion.e2e.ts:33:3 › email-client at 768px in both themes (1.2s)
  ✓  131 src/routes/docs/components/docs-catalogue.e2e.ts:5:2 › toggle-group: common variants and contextual example load (550ms)
  ✓  133 src/routes/docs/components/docs-catalogue.e2e.ts:5:2 › token: common variants and contextual example load (503ms)
  ✓  134 src/routes/docs/components/docs-catalogue.e2e.ts:5:2 › tokenizer: common variants and contextual example load (531ms)
  ✓  132 src/routes/site-expansion.e2e.ts:33:3 › email-client at 1440px in both themes (1.5s)
  ✓  135 src/routes/docs/components/docs-catalogue.e2e.ts:5:2 › tooltip: common variants and contextual example load (646ms)
  ✓  137 src/routes/docs/components/docs-catalogue.e2e.ts:5:2 › video-player: common variants and contextual example load (514ms)
  ✓  136 src/routes/site-expansion.e2e.ts:33:3 › social-network at 390px in both themes (1.2s)
  ✓  138 src/routes/docs/components/docs-catalogue.e2e.ts:5:2 › visually-hidden: common variants and contextual example load (564ms)
  ✓  139 src/routes/site-expansion.e2e.ts:33:3 › social-network at 768px in both themes (1.1s)
  ✓  141 src/routes/site-expansion.e2e.ts:33:3 › social-network at 1440px in both themes (1.3s)
  ✓  140 src/routes/stepped-form.e2e.ts:5:2 › stepped onboarding: light, mobile, reduced motion (2.2s)
  ✓  142 src/routes/site-expansion.e2e.ts:70:2 › homepage constellation supports keyboard actions at 390px (904ms)
  ✓  144 src/routes/site-expansion.e2e.ts:70:2 › homepage constellation supports keyboard actions at 1440px (890ms)
  ✓  143 src/routes/stepped-form.e2e.ts:5:2 › stepped onboarding: dark, mobile, reduced motion (2.4s)
  ✓  145 src/routes/templates/music-player/music-player.e2e.ts:3:1 › music search, playback, saved songs, and keyboard range controls (1.1s)
  ✓  146 src/routes/templates/social-network/social-network.e2e.ts:4:2 › Social Network template › publishes a note and supports feed reactions and threads (840ms)
  ✓  147 src/routes/templates/music-player/music-player.e2e.ts:27:1 › compact music player supports queue and mobile track playback (852ms)
  ✓  148 src/routes/templates/social-network/social-network.e2e.ts:29:2 › Social Network template › adapts its primary controls to a mobile viewport (518ms)
  ✓  149 src/routes/templates/music-player/music-player.e2e.ts:43:1 › native audio advances, seeks, changes source, repeats, and stops on navigation (2.9s)
  ✓  150 src/routes/templates/social-network/social-network.e2e.ts:41:1 › searches, saves, replies, opens profiles, and marks notifications read (2.9s)
  ✓  152 src/routes/templates/social-network/social-network.e2e.ts:68:1 › retains drafts, publishes described media, and supports reversible moderation (1.3s)
  ✓  151 src/routes/templates/music-player/music-player.e2e.ts:93:1 › saved albums, liked songs, and linked library views survive reload (2.4s)
  ✓  154 src/routes/templates/music-player/music-player.e2e.ts:113:1 › mobile now-playing exposes full transport and queue editing (807ms)
  ✓  153 src/routes/templates/social-network/social-network.e2e.ts:102:1 › links profiles and threads, edits own profile, and filters notifications (2.5s)
  ✓  155 src/routes/templates/music-player/music-player.e2e.ts:129:1 › a failed media request has an actionable retry state (1.0s)
  ✓  156 src/routes/templates/social-network/social-network.e2e.ts:133:1 › mobile discovery and browser history work with reduced motion (732ms)
  ✓  157 src/routes/templates/music-player/music-player.e2e.ts:141:1 › tablet library and track grids fit inside the main scroll region (748ms)
  ✓  159 src/routes/templates/video-library/video-library.e2e.ts:12:2 › Video Library template › searches, saves, and plays a fictional title (1.7s)
  ✓  160 src/routes/templates/video-library/video-library.e2e.ts:34:2 › Video Library template › watchlist state is reflected in My list (554ms)
  ✓  161 src/routes/templates/video-library/video-library.e2e.ts:41:2 › Video Library template › mobile navigation remains operable (668ms)
  ✓  162 src/routes/templates/video-library/video-library.e2e.ts:53:1 › keyboard shortcuts, dialog focus return, and empty search (1.0s)
  ✓  163 src/routes/templates/video-library/video-library.e2e.ts:78:3 › 390px light layout and reduced motion (430ms)
  ✓  164 src/routes/templates/video-library/video-library.e2e.ts:78:3 › 390px dark layout and reduced motion (447ms)
  ✓  165 src/routes/templates/video-library/video-library.e2e.ts:78:3 › 768px light layout and reduced motion (403ms)
  ✓  166 src/routes/templates/video-library/video-library.e2e.ts:78:3 › 768px dark layout and reduced motion (480ms)
  ✓  167 src/routes/templates/video-library/video-library.e2e.ts:78:3 › 1440px light layout and reduced motion (571ms)
  ✓  168 src/routes/templates/video-library/video-library.e2e.ts:78:3 › 1440px dark layout and reduced motion (435ms)
  ✓  158 src/routes/templates/template-navigation.e2e.ts:4:2 › template route transitions: no-preference (7.3s)
  ✓  170 src/routes/templates/template-navigation.e2e.ts:4:2 › template route transitions: reduce (1.6s)
  ✓  169 src/routes/templates/video-library/video-library.e2e.ts:102:1 › original shorts have distinct media, real seeking, and persisted resume progress (3.7s)
  ✓  171 src/routes/templates/video-library/video-library.e2e.ts:153:1 › watchlist persists and category filtering changes the catalogue (708ms)
  ✓  172 src/routes/templates/video-library/video-library.e2e.ts:170:1 › failed local media offers retry and can recover (1.2s)


  1) src/lib/templates/email-client/email-client.e2e.ts:271:1 › app navigation stays reachable on scrolled mobile and tablet task screens 

    Error: expect(received).toBeGreaterThanOrEqual(expected)

    Expected: >= 56
    Received:    54

      279 | 		await page.evaluate(() => window.scrollTo(0, document.documentElement.scrollHeight));
      280 | 		const bounds = await nav.boundingBox();
    > 281 | 		expect(bounds?.y).toBeGreaterThanOrEqual(56);
          | 		                  ^
      282 | 		await nav.getByRole('link', { name: 'Calendar', exact: true }).click();
      283 | 		await expect(page.getByRole('heading', { name: 'Calendar', exact: true })).toBeVisible();
      284 | 		expect(await page.evaluate(() => document.documentElement.scrollWidth > innerWidth)).toBe(
        at /workspace/wt/bedrock-expansion-verification/src/lib/templates/email-client/email-client.e2e.ts:281:21

    Error Context: test-results/src-lib-templates-email-cl-76fa8-ile-and-tablet-task-screens/error-context.md

  1 failed
    src/lib/templates/email-client/email-client.e2e.ts:271:1 › app navigation stays reachable on scrolled mobile and tablet task screens 
  171 passed (1.4m)
