
Running 163 tests using 2 workers

(node:1566370) Warning: The 'NO_COLOR' env is ignored due to the 'FORCE_COLOR' env being set.
(Use `node --trace-warnings ...` to show where the warning was created)
(node:1566369) Warning: The 'NO_COLOR' env is ignored due to the 'FORCE_COLOR' env being set.
(Use `node --trace-warnings ...` to show where the warning was created)
  ✓    2 src/routes/docs/components/docs-catalogue.e2e.ts:5:2 › accordion: common variants and contextual example load (673ms)
  ✓    3 src/routes/docs/components/docs-catalogue.e2e.ts:5:2 › alert: common variants and contextual example load (457ms)
  ✓    4 src/routes/docs/components/docs-catalogue.e2e.ts:5:2 › alert-dialog: common variants and contextual example load (471ms)
  ✓    1 src/lib/templates/email-client/email-client.e2e.ts:3:1 › mail search, selection, archive, compose, and calendar work locally (1.8s)
  ✓    5 src/routes/docs/components/docs-catalogue.e2e.ts:5:2 › aspect-ratio: common variants and contextual example load (563ms)
  ✓    6 src/lib/templates/email-client/email-client.e2e.ts:34:1 › mobile reading returns focus to the list and keeps layout within viewport (826ms)
  ✓    7 src/routes/docs/components/docs-catalogue.e2e.ts:5:2 › async-button: common variants and contextual example load (532ms)
  ✓    8 src/lib/templates/email-client/email-client.e2e.ts:53:1 › mobile standard motion focuses the opened message (674ms)
  ✓    9 src/routes/docs/components/docs-catalogue.e2e.ts:5:2 › avatar: common variants and contextual example load (748ms)
  ✓   11 src/routes/docs/components/docs-catalogue.e2e.ts:5:2 › badge: common variants and contextual example load (676ms)
  ✓   12 src/routes/docs/components/docs-catalogue.e2e.ts:5:2 › banner: common variants and contextual example load (518ms)
  ✓   13 src/routes/docs/components/docs-catalogue.e2e.ts:5:2 › blockquote: common variants and contextual example load (547ms)
  ✓   14 src/routes/docs/components/docs-catalogue.e2e.ts:5:2 › breadcrumb: common variants and contextual example load (518ms)
  ✓   15 src/routes/docs/components/docs-catalogue.e2e.ts:5:2 › button: common variants and contextual example load (591ms)
  ✓   10 src/lib/templates/email-client/email-client.e2e.ts:61:1 › calendar creates, validates, edits and deletes events with month navigation (3.6s)
  ✓   16 src/routes/docs/components/docs-catalogue.e2e.ts:5:2 › button-group: common variants and contextual example load (574ms)
  ✓   18 src/routes/docs/components/docs-catalogue.e2e.ts:5:2 › calendar: common variants and contextual example load (703ms)
  ✓   19 src/routes/docs/components/docs-catalogue.e2e.ts:5:2 › card: common variants and contextual example load (626ms)
  ✓   20 src/routes/docs/components/docs-catalogue.e2e.ts:5:2 › carousel: common variants and contextual example load (664ms)
  ✓   17 src/lib/templates/email-client/email-client.e2e.ts:102:1 › mobile tasks lifecycle and screen history preserve local work (2.2s)
  ✓   21 src/routes/docs/components/docs-catalogue.e2e.ts:5:2 › chart: common variants and contextual example load (1.0s)
  ✓   23 src/routes/docs/components/docs-catalogue.e2e.ts:5:2 › chat: common variants and contextual example load (640ms)
  ✓   24 src/routes/docs/components/docs-catalogue.e2e.ts:5:2 › checkbox: common variants and contextual example load (533ms)
  ✓   22 src/lib/templates/email-client/email-client.e2e.ts:140:1 › mail reply thread, forward draft and archive undo remain local (2.7s)
  ✓   25 src/routes/docs/components/docs-catalogue.e2e.ts:5:2 › indicator: common variants and contextual example load (633ms)
  ✓   27 src/routes/docs/components/docs-catalogue.e2e.ts:5:2 › checkbox-list: common variants and contextual example load (602ms)
  ✓   28 src/routes/docs/components/docs-catalogue.e2e.ts:5:2 › citation: common variants and contextual example load (523ms)
  ✓   29 src/routes/docs/components/docs-catalogue.e2e.ts:5:2 › clickable-card: common variants and contextual example load (497ms)
  ✓   30 src/routes/docs/components/docs-catalogue.e2e.ts:5:2 › code-block: common variants and contextual example load (517ms)
  ✓   26 src/lib/templates/email-client/email-client.e2e.ts:168:1 › screen history closes a portaled event editor (2.6s)
  ✓   31 src/routes/docs/components/docs-catalogue.e2e.ts:5:2 › collapsible: common variants and contextual example load (608ms)
  ✓   33 src/routes/docs/components/docs-catalogue.e2e.ts:5:2 › color-picker: common variants and contextual example load (630ms)
  ✓   34 src/routes/docs/components/docs-catalogue.e2e.ts:5:2 › combobox: common variants and contextual example load (588ms)
  ✓   35 src/routes/docs/components/docs-catalogue.e2e.ts:5:2 › command: common variants and contextual example load (611ms)
  ✓   32 src/routes/docs/components/docs-navigation.e2e.ts:4:2 › component documentation navigation › keeps page content in sync across rapid docs navigation (2.5s)
  ✓   36 src/routes/docs/components/docs-catalogue.e2e.ts:5:2 › context-menu: common variants and contextual example load (648ms)
  ✓   37 src/routes/docs/components/docs-navigation.e2e.ts:37:2 › component documentation navigation › uses Bedrock timing tokens and avoids a duplicate TypeScript label (628ms)
  ✓   38 src/routes/docs/components/docs-catalogue.e2e.ts:5:2 › data-table: common variants and contextual example load (752ms)
  ✓   40 src/routes/docs/components/docs-catalogue.e2e.ts:5:2 › date-input: common variants and contextual example load (742ms)
  ✓   39 src/routes/docs/components/docs-navigation.e2e.ts:55:2 › component documentation navigation › keeps component reference tabs addressable across navigation and reload (1.5s)
  ✓   41 src/routes/docs/components/docs-catalogue.e2e.ts:5:2 › date-range-input: common variants and contextual example load (682ms)
  ✓   43 src/routes/docs/components/docs-catalogue.e2e.ts:5:2 › date-time-input: common variants and contextual example load (698ms)
  ✓   42 src/routes/docs/components/docs-navigation.e2e.ts:90:2 › component documentation navigation › exposes component-specific known accessibility gaps (1.3s)
  ✓   45 src/routes/docs/components/docs-rendering.e2e.ts:3:1 › imports are highlighted without JavaScript (252ms)
  ✓   44 src/routes/docs/components/docs-catalogue.e2e.ts:5:2 › dialog: common variants and contextual example load (746ms)
  ✓   46 src/routes/docs/components/docs-rendering.e2e.ts:16:1 › source loads on demand and renders colored tokens in both themes (950ms)
  ✓   47 src/routes/docs/components/docs-catalogue.e2e.ts:5:2 › drawer: common variants and contextual example load (773ms)
  ✓   49 src/routes/docs/components/docs-catalogue.e2e.ts:5:2 › dropdown-menu: common variants and contextual example load (1.3s)
  ✓   50 src/routes/docs/components/docs-catalogue.e2e.ts:5:2 › empty: common variants and contextual example load (1.0s)
  ✓   51 src/routes/docs/components/docs-catalogue.e2e.ts:5:2 › field: common variants and contextual example load (825ms)
  ✓   52 src/routes/docs/components/docs-catalogue.e2e.ts:5:2 › field-status: common variants and contextual example load (875ms)
  ✓   48 src/routes/docs/components/docs-rendering.e2e.ts:39:1 › navigation stays consistent while an example chunk is delayed (4.7s)
  ✓   53 src/routes/docs/components/docs-catalogue.e2e.ts:5:2 › file-input: common variants and contextual example load (936ms)
  ✓   55 src/routes/docs/components/docs-catalogue.e2e.ts:5:2 › form: common variants and contextual example load (784ms)
  ✓   54 src/routes/docs/components/docs-rendering.e2e.ts:68:1 › contextual examples perform real local workflows (1.8s)
  ✓   56 src/routes/docs/components/docs-catalogue.e2e.ts:5:2 › heading: common variants and contextual example load (724ms)
  ✓   58 src/routes/docs/components/docs-catalogue.e2e.ts:5:2 › hover-card: common variants and contextual example load (884ms)
  ✓   59 src/routes/docs/components/docs-catalogue.e2e.ts:5:2 › icon: common variants and contextual example load (764ms)
  ✓   57 src/routes/docs/components/docs-rendering.e2e.ts:82:1 › form and selectable-card examples survive interaction and tab navigation (1.9s)
  ✓   60 src/routes/docs/components/docs-catalogue.e2e.ts:5:2 › icon-button: common variants and contextual example load (796ms)
  ✓   61 src/routes/docs/components/progressive-blur.e2e.ts:5:3 › progressive scroll edges: light, 390px (1.1s)
  ✓   62 src/routes/docs/components/docs-catalogue.e2e.ts:5:2 › input: common variants and contextual example load (821ms)
  ✓   63 src/routes/docs/components/progressive-blur.e2e.ts:5:3 › progressive scroll edges: light, 1280px (1.2s)
  ✓   64 src/routes/docs/components/docs-catalogue.e2e.ts:5:2 › input-group: common variants and contextual example load (717ms)
  ✓   66 src/routes/docs/components/docs-catalogue.e2e.ts:5:2 › input-otp: common variants and contextual example load (976ms)
  ✓   65 src/routes/docs/components/progressive-blur.e2e.ts:5:3 › progressive scroll edges: dark, 390px (1.2s)
  ✓   67 src/routes/docs/components/docs-catalogue.e2e.ts:5:2 › item: common variants and contextual example load (1.3s)
  ✓   68 src/routes/docs/components/progressive-blur.e2e.ts:5:3 › progressive scroll edges: dark, 1280px (2.1s)
  ✓   69 src/routes/docs/components/docs-catalogue.e2e.ts:5:2 › kbd: common variants and contextual example load (1.4s)
  ✓   70 src/routes/docs/components/progressive-blur.e2e.ts:48:1 › standalone blur immediately clears for keyboard focus within its surface (1.2s)
  ✓   71 src/routes/docs/components/docs-catalogue.e2e.ts:5:2 › label: common variants and contextual example load (845ms)
  ✓   73 src/routes/docs/components/docs-catalogue.e2e.ts:5:2 › lightbox: common variants and contextual example load (826ms)
  ✓   74 src/routes/docs/components/docs-catalogue.e2e.ts:5:2 › link: common variants and contextual example load (832ms)
  ✓   72 src/routes/docs/shell.e2e.ts:3:1 › documentation navigation searches every artifact and preserves its reload boundary (1.9s)
  ✓   75 src/routes/docs/components/docs-catalogue.e2e.ts:5:2 › list: common variants and contextual example load (919ms)
  ✓   77 src/routes/docs/components/docs-catalogue.e2e.ts:5:2 › markdown: common variants and contextual example load (1.1s)
  ✓   78 src/routes/docs/components/docs-catalogue.e2e.ts:5:2 › menubar: common variants and contextual example load (1.1s)
  ✓   76 src/routes/docs/shell.e2e.ts:34:1 › blocks provide working collection filters and failed submission retry (3.8s)
  ✓   79 src/routes/docs/components/docs-catalogue.e2e.ts:5:2 › metadata-list: common variants and contextual example load (1.4s)
  ✓   80 src/routes/docs/shell.e2e.ts:58:1 › mobile docs navigation opens accessibly without horizontal page overflow (1.5s)
  ✓   81 src/routes/docs/components/docs-catalogue.e2e.ts:5:2 › multi-selector: common variants and contextual example load (1.2s)
  ✓   83 src/routes/docs/components/docs-catalogue.e2e.ts:5:2 › native-select: common variants and contextual example load (903ms)
  ✓   84 src/routes/docs/components/docs-catalogue.e2e.ts:5:2 › navigation-menu: common variants and contextual example load (813ms)
  ✓   85 src/routes/docs/components/docs-catalogue.e2e.ts:5:2 › number-input: common variants and contextual example load (798ms)
  ✓   82 src/routes/site-expansion.e2e.ts:15:1 › top-level documentation shares navigation and reachable content (3.2s)
  ✓   86 src/routes/docs/components/docs-catalogue.e2e.ts:5:2 › outline: common variants and contextual example load (682ms)
  ✓   88 src/routes/docs/components/docs-catalogue.e2e.ts:5:2 › overflow-list: common variants and contextual example load (647ms)
  ✓   87 src/routes/site-expansion.e2e.ts:33:3 › music-player at 390px in both themes (1.3s)
  ✓   89 src/routes/docs/components/docs-catalogue.e2e.ts:5:2 › pagination: common variants and contextual example load (569ms)
  ✓   91 src/routes/docs/components/docs-catalogue.e2e.ts:5:2 › pdf-viewer: common variants and contextual example load (560ms)
  ✓   90 src/routes/site-expansion.e2e.ts:33:3 › music-player at 768px in both themes (1.4s)
  ✓   92 src/routes/docs/components/docs-catalogue.e2e.ts:5:2 › popover: common variants and contextual example load (720ms)
  ✓   94 src/routes/docs/components/docs-catalogue.e2e.ts:5:2 › power-search: common variants and contextual example load (608ms)
  ✓   95 src/routes/docs/components/docs-catalogue.e2e.ts:5:2 › progress: common variants and contextual example load (531ms)
  ✓   96 src/routes/docs/components/docs-catalogue.e2e.ts:5:2 › progressive-blur: common variants and contextual example load (637ms)
  ✓   93 src/routes/site-expansion.e2e.ts:33:3 › music-player at 1440px in both themes (2.1s)
  ✓   97 src/routes/docs/components/docs-catalogue.e2e.ts:5:2 › radio-group: common variants and contextual example load (763ms)
  ✓   99 src/routes/docs/components/docs-catalogue.e2e.ts:5:2 › range-calendar: common variants and contextual example load (765ms)
  ✓   98 src/routes/site-expansion.e2e.ts:33:3 › video-library at 390px in both themes (1.5s)
  ✓  100 src/routes/docs/components/docs-catalogue.e2e.ts:5:2 › resizable: common variants and contextual example load (802ms)
  ✓  102 src/routes/docs/components/docs-catalogue.e2e.ts:5:2 › scroll-area: common variants and contextual example load (668ms)
  ✓  101 src/routes/site-expansion.e2e.ts:33:3 › video-library at 768px in both themes (1.6s)
  ✓  103 src/routes/docs/components/docs-catalogue.e2e.ts:5:2 › select: common variants and contextual example load (655ms)
  ✓  105 src/routes/docs/components/docs-catalogue.e2e.ts:5:2 › selectable-card: common variants and contextual example load (583ms)
  ✓  106 src/routes/docs/components/docs-catalogue.e2e.ts:5:2 › selector: common variants and contextual example load (717ms)
  ✓  104 src/routes/site-expansion.e2e.ts:33:3 › video-library at 1440px in both themes (2.3s)
  ✓  107 src/routes/docs/components/docs-catalogue.e2e.ts:5:2 › separator: common variants and contextual example load (1.0s)
  ✓  109 src/routes/docs/components/docs-catalogue.e2e.ts:5:2 › sheet: common variants and contextual example load (778ms)
  ✓  108 src/routes/site-expansion.e2e.ts:33:3 › email-client at 390px in both themes (1.6s)
  ✓  110 src/routes/docs/components/docs-catalogue.e2e.ts:5:2 › sidebar: common variants and contextual example load (856ms)
  ✓  112 src/routes/docs/components/docs-catalogue.e2e.ts:5:2 › skeleton: common variants and contextual example load (595ms)
  ✓  111 src/routes/site-expansion.e2e.ts:33:3 › email-client at 768px in both themes (1.4s)
  ✓  113 src/routes/docs/components/docs-catalogue.e2e.ts:5:2 › slider: common variants and contextual example load (836ms)
  ✓  115 src/routes/docs/components/docs-catalogue.e2e.ts:5:2 › sonner: common variants and contextual example load (702ms)
  ✓  114 src/routes/site-expansion.e2e.ts:33:3 › email-client at 1440px in both themes (1.7s)
  ✓  116 src/routes/docs/components/docs-catalogue.e2e.ts:5:2 › spinner: common variants and contextual example load (762ms)
  ✓  118 src/routes/docs/components/docs-catalogue.e2e.ts:5:2 › status-dot: common variants and contextual example load (602ms)
  ✓  117 src/routes/site-expansion.e2e.ts:33:3 › social-network at 390px in both themes (1.3s)
  ✓  119 src/routes/docs/components/docs-catalogue.e2e.ts:5:2 › stepped-form: common variants and contextual example load (605ms)
  ✓  121 src/routes/docs/components/docs-catalogue.e2e.ts:5:2 › stepper: common variants and contextual example load (497ms)
  ✓  120 src/routes/site-expansion.e2e.ts:33:3 › social-network at 768px in both themes (1.2s)
  ✓  122 src/routes/docs/components/docs-catalogue.e2e.ts:5:2 › switch: common variants and contextual example load (558ms)
  ✓  124 src/routes/docs/components/docs-catalogue.e2e.ts:5:2 › table: common variants and contextual example load (633ms)
  ✓  125 src/routes/docs/components/docs-catalogue.e2e.ts:5:2 › tabs: common variants and contextual example load (504ms)
  ✓  123 src/routes/site-expansion.e2e.ts:33:3 › social-network at 1440px in both themes (1.5s)
  ✓  126 src/routes/docs/components/docs-catalogue.e2e.ts:5:2 › text: common variants and contextual example load (566ms)
  ✓  127 src/routes/site-expansion.e2e.ts:70:2 › homepage constellation supports keyboard actions at 390px (835ms)
  ✓  128 src/routes/docs/components/docs-catalogue.e2e.ts:5:2 › textarea: common variants and contextual example load (621ms)
  ✓  130 src/routes/docs/components/docs-catalogue.e2e.ts:5:2 › thumbnail: common variants and contextual example load (615ms)
  ✓  129 src/routes/site-expansion.e2e.ts:70:2 › homepage constellation supports keyboard actions at 1440px (1.1s)
  ✓  131 src/routes/docs/components/docs-catalogue.e2e.ts:5:2 › time-input: common variants and contextual example load (697ms)
  ✓  133 src/routes/docs/components/docs-catalogue.e2e.ts:5:2 › timestamp: common variants and contextual example load (622ms)
  ✓  134 src/routes/docs/components/docs-catalogue.e2e.ts:5:2 › toggle: common variants and contextual example load (467ms)
  ✓  135 src/routes/docs/components/docs-catalogue.e2e.ts:5:2 › toggle-group: common variants and contextual example load (524ms)
  ✓  132 src/routes/stepped-form.e2e.ts:5:2 › stepped onboarding: light, mobile, reduced motion (2.5s)
  ✓  136 src/routes/docs/components/docs-catalogue.e2e.ts:5:2 › token: common variants and contextual example load (594ms)
  ✓  138 src/routes/docs/components/docs-catalogue.e2e.ts:5:2 › tokenizer: common variants and contextual example load (682ms)
  ✓  139 src/routes/docs/components/docs-catalogue.e2e.ts:5:2 › tooltip: common variants and contextual example load (531ms)
  ✓  140 src/routes/docs/components/docs-catalogue.e2e.ts:5:2 › video-player: common variants and contextual example load (650ms)
  ✓  137 src/routes/stepped-form.e2e.ts:5:2 › stepped onboarding: dark, mobile, reduced motion (2.4s)
  ✓  141 src/routes/docs/components/docs-catalogue.e2e.ts:5:2 › visually-hidden: common variants and contextual example load (583ms)
  ✓  142 src/routes/templates/music-player/music-player.e2e.ts:3:1 › music search, playback, saved songs, and keyboard range controls (1.3s)
  ✓  144 src/routes/templates/music-player/music-player.e2e.ts:27:1 › compact music player supports queue and mobile track playback (861ms)
  ✓  145 src/routes/templates/music-player/music-player.e2e.ts:43:1 › native audio advances, seeks, changes source, repeats, and stops on navigation (2.5s)
  ✓  143 src/routes/templates/template-navigation.e2e.ts:4:2 › template route transitions: no-preference (6.1s)
  ✓  146 src/routes/templates/music-player/music-player.e2e.ts:93:1 › saved albums, liked songs, and linked library views survive reload (2.2s)
  ✓  148 src/routes/templates/music-player/music-player.e2e.ts:113:1 › mobile now-playing exposes full transport and queue editing (996ms)
  ✓  147 src/routes/templates/template-navigation.e2e.ts:4:2 › template route transitions: reduce (2.2s)
  ✓  149 src/routes/templates/music-player/music-player.e2e.ts:129:1 › a failed media request has an actionable retry state (1.3s)
  ✓  151 src/routes/templates/music-player/music-player.e2e.ts:141:1 › tablet library and track grids fit inside the main scroll region (646ms)
  ✓  150 src/routes/templates/video-library/video-library.e2e.ts:12:2 › Video Library template › searches, saves, and plays a fictional title (1.9s)
  ✓  152 src/routes/templates/video-library/video-library.e2e.ts:34:2 › Video Library template › watchlist state is reflected in My list (1.2s)
  ✓  153 src/routes/templates/video-library/video-library.e2e.ts:41:2 › Video Library template › mobile navigation remains operable (989ms)
  ✓  154 src/routes/templates/video-library/video-library.e2e.ts:53:1 › keyboard shortcuts, dialog focus return, and empty search (1.9s)
  ✓  155 src/routes/templates/video-library/video-library.e2e.ts:78:3 › 390px light layout and reduced motion (507ms)
  ✓  156 src/routes/templates/video-library/video-library.e2e.ts:78:3 › 390px dark layout and reduced motion (448ms)
  ✓  157 src/routes/templates/video-library/video-library.e2e.ts:78:3 › 768px light layout and reduced motion (478ms)
  ✓  158 src/routes/templates/video-library/video-library.e2e.ts:78:3 › 768px dark layout and reduced motion (461ms)
  ✓  159 src/routes/templates/video-library/video-library.e2e.ts:78:3 › 1440px light layout and reduced motion (516ms)
  ✓  160 src/routes/templates/video-library/video-library.e2e.ts:78:3 › 1440px dark layout and reduced motion (495ms)
  ✓  161 src/routes/templates/video-library/video-library.e2e.ts:102:1 › original shorts have distinct media, real seeking, and persisted resume progress (3.8s)
  ✓  162 src/routes/templates/video-library/video-library.e2e.ts:153:1 › watchlist persists and category filtering changes the catalogue (926ms)
  ✓  163 src/routes/templates/video-library/video-library.e2e.ts:170:1 › failed local media offers retry and can recover (1.6s)

  163 passed (1.7m)
