
Running 10 tests using 2 workers

(node:1598379) Warning: The 'NO_COLOR' env is ignored due to the 'FORCE_COLOR' env being set.
(Use `node --trace-warnings ...` to show where the warning was created)
(node:1598380) Warning: The 'NO_COLOR' env is ignored due to the 'FORCE_COLOR' env being set.
(Use `node --trace-warnings ...` to show where the warning was created)
  ✓   1 src/lib/templates/email-client/email-client.e2e.ts:271:1 › app navigation stays reachable on scrolled mobile and tablet task screens (1.3s)
  ✓   2 src/lib/templates/email-client/email-client.e2e.ts:271:1 › app navigation stays reachable on scrolled mobile and tablet task screens (1.3s)
(node:1598538) Warning: The 'NO_COLOR' env is ignored due to the 'FORCE_COLOR' env being set.
(Use `node --trace-warnings ...` to show where the warning was created)
(node:1598544) Warning: The 'NO_COLOR' env is ignored due to the 'FORCE_COLOR' env being set.
(Use `node --trace-warnings ...` to show where the warning was created)
  ✓   3 src/lib/templates/email-client/email-client.e2e.ts:271:1 › app navigation stays reachable on scrolled mobile and tablet task screens (1.3s)
  ✓   4 src/lib/templates/email-client/email-client.e2e.ts:271:1 › app navigation stays reachable on scrolled mobile and tablet task screens (1.4s)
(node:1598702) Warning: The 'NO_COLOR' env is ignored due to the 'FORCE_COLOR' env being set.
(Use `node --trace-warnings ...` to show where the warning was created)
(node:1598709) Warning: The 'NO_COLOR' env is ignored due to the 'FORCE_COLOR' env being set.
(Use `node --trace-warnings ...` to show where the warning was created)
  ✓   5 src/lib/templates/email-client/email-client.e2e.ts:271:1 › app navigation stays reachable on scrolled mobile and tablet task screens (1.3s)
  ✓   6 src/lib/templates/email-client/email-client.e2e.ts:271:1 › app navigation stays reachable on scrolled mobile and tablet task screens (1.3s)
(node:1598863) Warning: The 'NO_COLOR' env is ignored due to the 'FORCE_COLOR' env being set.
(Use `node --trace-warnings ...` to show where the warning was created)
(node:1598871) Warning: The 'NO_COLOR' env is ignored due to the 'FORCE_COLOR' env being set.
(Use `node --trace-warnings ...` to show where the warning was created)
  ✓   7 src/lib/templates/email-client/email-client.e2e.ts:271:1 › app navigation stays reachable on scrolled mobile and tablet task screens (1.2s)
  ✓   8 src/lib/templates/email-client/email-client.e2e.ts:271:1 › app navigation stays reachable on scrolled mobile and tablet task screens (1.3s)
(node:1599027) Warning: The 'NO_COLOR' env is ignored due to the 'FORCE_COLOR' env being set.
(Use `node --trace-warnings ...` to show where the warning was created)
(node:1599034) Warning: The 'NO_COLOR' env is ignored due to the 'FORCE_COLOR' env being set.
(Use `node --trace-warnings ...` to show where the warning was created)
  ✓   9 src/lib/templates/email-client/email-client.e2e.ts:271:1 › app navigation stays reachable on scrolled mobile and tablet task screens (1.3s)
  ✓  10 src/lib/templates/email-client/email-client.e2e.ts:271:1 › app navigation stays reachable on scrolled mobile and tablet task screens (1.2s)

  10 passed (10.0s)
